Mono path[0] = 'D:/Programas/steamapps/common/RimWorld/RimWorldWin64_Data/Managed'
Mono config path = 'D:/Programas/steamapps/common/RimWorld/MonoBleedingEdge/etc'
[PhysX] Initialized MultithreadedTaskDispatcher with 12 workers.
Initialize engine version: 2022.3.35f1 (011206c7a712)
[Subsystems] Discovering subsystems at path D:/Programas/steamapps/common/RimWorld/RimWorldWin64_Data/UnitySubsystems
GfxDevice: creating device client; threaded=1; jobified=0
Direct3D:
    Version:  Direct3D 11.0 [level 11.1]
    Renderer: NVIDIA GeForce RTX 3060 Ti (ID=0x2414)
    Vendor:   NVIDIA
    VRAM:     8024 MB
    Driver:   32.0.15.9186
Begin MonoManager ReloadAssembly
- Loaded All Assemblies, in  0.200 seconds
- Finished resetting the current domain, in  0.001 seconds
<RI> Initializing input.
<RI> Input initialized.
<RI> Initialized touch support.
[PhysX] Initialized MultithreadedTaskDispatcher with 12 workers.
UnloadTime: 1.049600 ms
Command line arguments: -savedatafolder=C:\Users\gabri\AppData\LocalLow\Ludeon Studios\RimWorld by Ludeon Studios
RimWorld 1.6.4871 rev591
Save data folder overridden to C:\Users\gabri\AppData\LocalLow\Ludeon Studios\RimWorld by Ludeon Studios
Mod  is missing supported versions list in About.xml! (example: <supportedVersions><li>1.0</li></supportedVersions>)
Mod Assembly-CSharp is missing packageId in About.xml! (example: <packageId>AuthorName.ModName.Specific</packageId>)
Mod  is missing supported versions list in About.xml! (example: <supportedVersions><li>1.0</li></supportedVersions>)
Mod ejemplo is missing packageId in About.xml! (example: <packageId>AuthorName.ModName.Specific</packageId>)
Mod Error Location Tracker dependency (brrainz.harmony) needs to have <downloadUrl> and/or <steamWorkshopUrl> specified.
Mod VVE Combat Louie(can fly around the colony) dependency (oskarpotocki.vanillavehiclesexpanded) needs to have <downloadUrl> and/or <steamWorkshopUrl> specified.
Mod VVE Combat Louie(can fly around the colony) dependency (gabrieel1482.raidvehicleframework) needs to have <downloadUrl> and/or <steamWorkshopUrl> specified.
Mod VVE Combat mosquito(can fly around the colony) dependency (oskarpotocki.vanillavehiclesexpanded) needs to have <downloadUrl> and/or <steamWorkshopUrl> specified.
Mod VVE Combat mosquito(can fly around the colony) dependency (gabrieel1482.raidvehicleframework) needs to have <downloadUrl> and/or <steamWorkshopUrl> specified.
Mod Stealth dependency (brrainz.harmony) needs to have <downloadUrl> and/or <steamWorkshopUrl> specified.
Mod Targeted Strike dependency (brrainz.harmony) needs to have <downloadUrl> and/or <steamWorkshopUrl> specified.
Mod Vehicle Raid dependency (gabrieel1482.raidvehicleframework) needs to have <downloadUrl> and/or <steamWorkshopUrl> specified.
Mod VPE Enchant Quality Unlock Legendary dependency (VanillaExpanded.VPsycastsE) needs to have <downloadUrl> and/or <steamWorkshopUrl> specified.
Mod VVE Combat Warbird(can fly around the colony) dependency (oskarpotocki.vanillavehiclesexpanded) needs to have <downloadUrl> and/or <steamWorkshopUrl> specified.
Mod VVE Combat Warbird(can fly around the colony) dependency (gabrieel1482.raidvehicleframework) needs to have <downloadUrl> and/or <steamWorkshopUrl> specified.
Tried loading mod with the same packageId multiple times: SmashPhil.VehicleFramework. Ignoring the duplicates.
D:\Programas\steamapps\workshop\content\294100\3522907382
D:\Programas\steamapps\workshop\content\294100\3014915404
Mod Empire Refactored: Cities & Fields dependency (Matathias.Empire.SupplyChain) needs to have <downloadUrl> and/or <steamWorkshopUrl> specified.
Mod Miho Hediff Fix dependency (brrainz.harmony) needs to have <downloadUrl> and/or <steamWorkshopUrl> specified.
Mod World Domination dependency (vanillaexpanded.outposts) needs to have <downloadUrl> and/or <steamWorkshopUrl> specified.
Mod World Domination dependency (oskarpotocki.vanillafactionsexpanded.core) needs to have <downloadUrl> and/or <steamWorkshopUrl> specified.
Mod World Domination dependency (brrainz.harmony) needs to have <downloadUrl> and/or <steamWorkshopUrl> specified.
Fallback handler could not load library D:/Programas/steamapps/common/RimWorld/RimWorldWin64_Data/MonoBleedingEdge/data-00000294613DB430.dll
Fallback handler could not load library D:/Programas/steamapps/common/RimWorld/RimWorldWin64_Data/MonoBleedingEdge/data-0000029461355120.dll
Failed to find Verse.TerrainDef named AncientHeavyBridge. There are 389 defs of this type loaded.
Translation data for language Spanish has 3 errors. Generate translation report for more info.
[SmashPhil.VehicleFramework] Applying compatibility patch for ludeon.rimworld.odyssey. Active: Sí
[VehicleFramework] version 1.6.2144
Type BoxOverlayDrawer probably needs a StaticConstructorOnStartup attribute, because it has a field s_boxGraphic of type Graphic_Multi. All assets must be loaded in the main thread.
Type StealthEyeDrawer probably needs a StaticConstructorOnStartup attribute, because it has a field frames of type Texture2D[]. All assets must be loaded in the main thread.
Type StealthVisionDrawer probably needs a StaticConstructorOnStartup attribute, because it has a field HostileVisionMaterial of type Material. All assets must be loaded in the main thread.
Type StealthSoundDrawer probably needs a StaticConstructorOnStartup attribute, because it has a field s_footstepMats of type Material[]. All assets must be loaded in the main thread.
Unloading 5 Unused Serialized files (Serialized files now loaded: 7)
MVCF successfully applied 0 patches
Unloading 185 unused Assets to reduce memory usage. Loaded Objects now: 27886.
Total: 539.396700 ms (FindLiveObjects: 4.063400 ms CreateObjectMapping: 1.879500 ms MarkObjects: 532.847500 ms  DeleteObjects: 0.606100 ms)

Unloading 3 Unused Serialized files (Serialized files now loaded: 7)
[PhysX] Initialized MultithreadedTaskDispatcher with 12 workers.
UnloadTime: 0.952500 ms
Unloading 3 unused Assets to reduce memory usage. Loaded Objects now: 28076.
Total: 289.240200 ms (FindLiveObjects: 1.821800 ms CreateObjectMapping: 0.944000 ms MarkObjects: 286.401400 ms  DeleteObjects: 0.072700 ms)

Initializing new game with mods:
  - brrainz.harmony
  - Ludeon.RimWorld
  - gabrieel1482.stealth
  - Ludeon.RimWorld.Royalty
  - Ludeon.RimWorld.Ideology
  - Ludeon.RimWorld.Biotech
  - Ludeon.RimWorld.Anomaly
  - Ludeon.RimWorld.Odyssey
  - OskarPotocki.VanillaFactionsExpanded.Core
  - SmashPhil.VehicleFramework
  - gabrieel1482.raidvehicleframework
  - OskarPotocki.VanillaVehiclesExpanded
Unloading 0 Unused Serialized files (Serialized files now loaded: 7)
Unloading 1 unused Assets to reduce memory usage. Loaded Objects now: 33912.
Total: 296.760500 ms (FindLiveObjects: 1.830300 ms CreateObjectMapping: 1.149000 ms MarkObjects: 293.689700 ms  DeleteObjects: 0.091200 ms)

[VRF_Debug] SpawnVehiclesNormal — faction=PirateYttakin vehicleCount=1
[VRF_Debug] detectedNaturalLord=LordJob_AssaultColony toil=LordToil_AssaultColony
[VRF_Debug] parentIsNotYetAssaulting=False (toilName=LordToil_AssaultColony jobName=LordJob_AssaultColony)
[VRF_Debug] existingVRFLord=NULL
[VRF_Debug] Final behavior=ImmediateAssault holdTicks=3000
[VRF_Debug] → Created NEW lord, startingToil=LordToil_VehicleSearchAndDestroy
[VRF_Debug]   vehicle=Highwayman duty=VRF_VehicleArmedTransport job=NULL
Vehicle Highwayman pathing from (172, 0, 244) to (107, 0, 128) ran out of cells to process. Job=Wait_Combat (Job_113) Giver = JobGiver_VehicleArmedTransportMove [workGiverDef: null] Faction=Manada howyttbak
Vehicle Highwayman pathing from (172, 0, 244) to (107, 0, 136) ran out of cells to process. Job=Wait_Combat (Job_448) Giver = VRF_JobGiver_DynamicAssault [workGiverDef: null] Faction=Manada howyttbak
Vehicle Highwayman pathing from (147, 0, 210) to (108, 0, 140) ran out of cells to process. Job=NULL Faction=Manada howyttbak
Vehicle Highwayman pathing from (147, 0, 210) to (113, 0, 138) ran out of cells to process. Job=Wait_Combat (Job_1022) Giver = VRF_JobGiver_DynamicAssault [workGiverDef: null] Faction=Manada howyttbak
Vehicle Highwayman pathing from (148, 0, 206) to (127, 0, 130) ran out of cells to process. Job=NULL Faction=Manada howyttbak
Vehicle Highwayman pathing from (148, 0, 206) to (132, 0, 133) ran out of cells to process. Job=Wait_Combat (Job_1316) Giver = VRF_JobGiver_DynamicAssault [workGiverDef: null] Faction=Manada howyttbak
Vehicle Highwayman pathing from (148, 0, 206) to (131, 0, 130) ran out of cells to process. Job=Wait_Combat (Job_1316) Giver = VRF_JobGiver_DynamicAssault [workGiverDef: null] Faction=Manada howyttbak
Vehicle Highwayman pathing from (148, 0, 206) to (131, 0, 129) ran out of cells to process. Job=Wait_Combat (Job_1316) Giver = VRF_JobGiver_DynamicAssault [workGiverDef: null] Faction=Manada howyttbak
Vehicle Highwayman pathing from (148, 0, 206) to (131, 0, 128) ran out of cells to process. Job=Wait_Combat (Job_1316) Giver = VRF_JobGiver_DynamicAssault [workGiverDef: null] Faction=Manada howyttbak
Vehicle Highwayman pathing from (148, 0, 206) to (132, 0, 127) ran out of cells to process. Job=Wait_Combat (Job_1316) Giver = VRF_JobGiver_DynamicAssault [workGiverDef: null] Faction=Manada howyttbak
Vehicle Highwayman pathing from (148, 0, 206) to (133, 0, 128) ran out of cells to process. Job=Wait_Combat (Job_1316) Giver = VRF_JobGiver_DynamicAssault [workGiverDef: null] Faction=Manada howyttbak
Vehicle Highwayman pathing from (148, 0, 206) to (131, 0, 128) ran out of cells to process. Job=Wait_Combat (Job_1316) Giver = VRF_JobGiver_DynamicAssault [workGiverDef: null] Faction=Manada howyttbak
Vehicle Highwayman pathing from (148, 0, 206) to (131, 0, 129) ran out of cells to process. Job=Wait_Combat (Job_1316) Giver = VRF_JobGiver_DynamicAssault [workGiverDef: null] Faction=Manada howyttbak
Vehicle Highwayman pathing from (148, 0, 206) to (131, 0, 132) ran out of cells to process. Job=Wait_Combat (Job_1316) Giver = VRF_JobGiver_DynamicAssault [workGiverDef: null] Faction=Manada howyttbak
Vehicle Highwayman pathing from (148, 0, 206) to (132, 0, 134) ran out of cells to process. Job=Wait_Combat (Job_1316) Giver = VRF_JobGiver_DynamicAssault [workGiverDef: null] Faction=Manada howyttbak
Vehicle Highwayman pathing from (148, 0, 206) to (131, 0, 137) ran out of cells to process. Job=Wait_Combat (Job_1316) Giver = VRF_JobGiver_DynamicAssault [workGiverDef: null] Faction=Manada howyttbak
Vehicle Highwayman pathing from (148, 0, 206) to (130, 0, 138) ran out of cells to process. Job=Wait_Combat (Job_1316) Giver = VRF_JobGiver_DynamicAssault [workGiverDef: null] Faction=Manada howyttbak
Vehicle Highwayman pathing from (148, 0, 206) to (130, 0, 138) ran out of cells to process. Job=Wait_Combat (Job_1316) Giver = VRF_JobGiver_DynamicAssault [workGiverDef: null] Faction=Manada howyttbak
Vehicle Highwayman pathing from (148, 0, 206) to (130, 0, 137) ran out of cells to process. Job=Wait_Combat (Job_1316) Giver = VRF_JobGiver_DynamicAssault [workGiverDef: null] Faction=Manada howyttbak
Vehicle Highwayman pathing from (148, 0, 206) to (132, 0, 135) ran out of cells to process. Job=Wait_Combat (Job_1316) Giver = VRF_JobGiver_DynamicAssault [workGiverDef: null] Faction=Manada howyttbak
Vehicle Highwayman pathing from (148, 0, 206) to (133, 0, 136) ran out of cells to process. Job=Wait_Combat (Job_1316) Giver = VRF_JobGiver_DynamicAssault [workGiverDef: null] Faction=Manada howyttbak
Vehicle Highwayman pathing from (148, 0, 206) to (132, 0, 135) ran out of cells to process. Job=Wait_Combat (Job_1316) Giver = VRF_JobGiver_DynamicAssault [workGiverDef: null] Faction=Manada howyttbak
Vehicle Highwayman pathing from (148, 0, 206) to (116, 0, 138) ran out of cells to process. Job=Wait_Combat (Job_1316) Giver = VRF_JobGiver_DynamicAssault [workGiverDef: null] Faction=Manada howyttbak
Vehicle Highwayman pathing from (148, 0, 206) to (116, 0, 138) ran out of cells to process. Job=Wait_Combat (Job_1316) Giver = VRF_JobGiver_DynamicAssault [workGiverDef: null] Faction=Manada howyttbak
Vehicle Highwayman pathing from (148, 0, 206) to (116, 0, 138) ran out of cells to process. Job=Wait_Combat (Job_1316) Giver = VRF_JobGiver_DynamicAssault [workGiverDef: null] Faction=Manada howyttbak
Vehicle Highwayman pathing from (148, 0, 206) to (117, 0, 136) ran out of cells to process. Job=Wait_Combat (Job_1316) Giver = VRF_JobGiver_DynamicAssault [workGiverDef: null] Faction=Manada howyttbak
Vehicle Highwayman pathing from (148, 0, 206) to (119, 0, 134) ran out of cells to process. Job=Wait_Combat (Job_1316) Giver = VRF_JobGiver_DynamicAssault [workGiverDef: null] Faction=Manada howyttbak
Vehicle Highwayman pathing from (148, 0, 206) to (120, 0, 132) ran out of cells to process. Job=Wait_Combat (Job_1316) Giver = VRF_JobGiver_DynamicAssault [workGiverDef: null] Faction=Manada howyttbak
Vehicle Highwayman pathing from (148, 0, 206) to (121, 0, 129) ran out of cells to process. Job=Wait_Combat (Job_1316) Giver = VRF_JobGiver_DynamicAssault [workGiverDef: null] Faction=Manada howyttbak
Vehicle Highwayman pathing from (148, 0, 206) to (123, 0, 127) ran out of cells to process. Job=Wait_Combat (Job_1316) Giver = VRF_JobGiver_DynamicAssault [workGiverDef: null] Faction=Manada howyttbak
Vehicle Highwayman pathing from (148, 0, 206) to (123, 0, 125) ran out of cells to process. Job=Wait_Combat (Job_1316) Giver = VRF_JobGiver_DynamicAssault [workGiverDef: null] Faction=Manada howyttbak
Vehicle Highwayman pathing from (148, 0, 206) to (125, 0, 123) ran out of cells to process. Job=Wait_Combat (Job_1316) Giver = VRF_JobGiver_DynamicAssault [workGiverDef: null] Faction=Manada howyttbak
Vehicle Highwayman pathing from (148, 0, 206) to (125, 0, 121) ran out of cells to process. Job=Wait_Combat (Job_1316) Giver = VRF_JobGiver_DynamicAssault [workGiverDef: null] Faction=Manada howyttbak
Vehicle Highwayman pathing from (148, 0, 206) to (125, 0, 118) ran out of cells to process. Job=Wait_Combat (Job_1316) Giver = VRF_JobGiver_DynamicAssault [workGiverDef: null] Faction=Manada howyttbak
Vehicle Highwayman pathing from (148, 0, 206) to (125, 0, 116) ran out of cells to process. Job=Wait_Combat (Job_1316) Giver = VRF_JobGiver_DynamicAssault [workGiverDef: null] Faction=Manada howyttbak
Vehicle Highwayman pathing from (148, 0, 206) to (127, 0, 116) ran out of cells to process. Job=Wait_Combat (Job_1316) Giver = VRF_JobGiver_DynamicAssault [workGiverDef: null] Faction=Manada howyttbak
Vehicle Highwayman pathing from (148, 0, 206) to (130, 0, 118) ran out of cells to process. Job=Wait_Combat (Job_1316) Giver = VRF_JobGiver_DynamicAssault [workGiverDef: null] Faction=Manada howyttbak
Vehicle Highwayman pathing from (148, 0, 206) to (132, 0, 119) ran out of cells to process. Job=Wait_Combat (Job_1316) Giver = VRF_JobGiver_DynamicAssault [workGiverDef: null] Faction=Manada howyttbak
Vehicle Highwayman pathing from (148, 0, 206) to (130, 0, 120) ran out of cells to process. Job=Wait_Combat (Job_1316) Giver = VRF_JobGiver_DynamicAssault [workGiverDef: null] Faction=Manada howyttbak
Vehicle Highwayman pathing from (148, 0, 206) to (131, 0, 123) ran out of cells to process. Job=Wait_Combat (Job_1316) Giver = VRF_JobGiver_DynamicAssault [workGiverDef: null] Faction=Manada howyttbak
Vehicle Highwayman pathing from (148, 0, 206) to (132, 0, 124) ran out of cells to process. Job=Wait_Combat (Job_1316) Giver = VRF_JobGiver_DynamicAssault [workGiverDef: null] Faction=Manada howyttbak
Vehicle Highwayman pathing from (148, 0, 206) to (132, 0, 124) ran out of cells to process. Job=Wait_Combat (Job_1316) Giver = VRF_JobGiver_DynamicAssault [workGiverDef: null] Faction=Manada howyttbak
Vehicle Highwayman pathing from (148, 0, 206) to (131, 0, 123) ran out of cells to process. Job=Wait_Combat (Job_1316) Giver = VRF_JobGiver_DynamicAssault [workGiverDef: null] Faction=Manada howyttbak
Vehicle Highwayman pathing from (148, 0, 206) to (110, 0, 129) ran out of cells to process. Job=Wait_Combat (Job_1316) Giver = VRF_JobGiver_DynamicAssault [workGiverDef: null] Faction=Manada howyttbak
Vehicle Highwayman pathing from (148, 0, 206) to (112, 0, 128) ran out of cells to process. Job=Wait_Combat (Job_1316) Giver = VRF_JobGiver_DynamicAssault [workGiverDef: null] Faction=Manada howyttbak
Vehicle Highwayman pathing from (148, 0, 206) to (115, 0, 130) ran out of cells to process. Job=Wait_Combat (Job_1316) Giver = VRF_JobGiver_DynamicAssault [workGiverDef: null] Faction=Manada howyttbak
Vehicle Highwayman pathing from (148, 0, 206) to (117, 0, 132) ran out of cells to process. Job=Wait_Combat (Job_1316) Giver = VRF_JobGiver_DynamicAssault [workGiverDef: null] Faction=Manada howyttbak
Vehicle Highwayman pathing from (148, 0, 206) to (118, 0, 135) ran out of cells to process. Job=Wait_Combat (Job_1316) Giver = VRF_JobGiver_DynamicAssault [workGiverDef: null] Faction=Manada howyttbak
Vehicle Highwayman pathing from (149, 0, 202) to (130, 0, 132) ran out of cells to process. Job=NULL Faction=Manada howyttbak
Vehicle Highwayman pathing from (149, 0, 202) to (131, 0, 135) ran out of cells to process. Job=Wait_Combat (Job_4846) Giver = VRF_JobGiver_DynamicAssault [workGiverDef: null] Faction=Manada howyttbak
Vehicle Highwayman pathing from (149, 0, 202) to (131, 0, 137) ran out of cells to process. Job=Wait_Combat (Job_4846) Giver = VRF_JobGiver_DynamicAssault [workGiverDef: null] Faction=Manada howyttbak
Vehicle Highwayman pathing from (149, 0, 202) to (131, 0, 137) ran out of cells to process. Job=Wait_Combat (Job_4846) Giver = VRF_JobGiver_DynamicAssault [workGiverDef: null] Faction=Manada howyttbak
Vehicle Highwayman pathing from (149, 0, 202) to (131, 0, 137) ran out of cells to process. Job=Wait_Combat (Job_4846) Giver = VRF_JobGiver_DynamicAssault [workGiverDef: null] Faction=Manada howyttbak
Vehicle Highwayman pathing from (157, 0, 211) to (129, 0, 139) ran out of cells to process. Job=NULL Faction=Manada howyttbak
Vehicle Highwayman pathing from (157, 0, 211) to (128, 0, 139) ran out of cells to process. Job=Wait_Combat (Job_5389) Giver = VRF_JobGiver_DynamicAssault [workGiverDef: null] Faction=Manada howyttbak
Vehicle Highwayman pathing from (157, 0, 211) to (132, 0, 136) ran out of cells to process. Job=Wait_Combat (Job_5389) Giver = VRF_JobGiver_DynamicAssault [workGiverDef: null] Faction=Manada howyttbak
Vehicle Highwayman pathing from (155, 0, 207) to (132, 0, 136) ran out of cells to process. Job=NULL Faction=Manada howyttbak
Vehicle Highwayman pathing from (154, 0, 200) to (129, 0, 133) ran out of cells to process. Job=NULL Faction=Manada howyttbak
Vehicle Highwayman pathing from (152, 0, 210) to (124, 0, 128) ran out of cells to process. Job=NULL Faction=Manada howyttbak
Vehicle Highwayman pathing from (152, 0, 210) to (130, 0, 123) ran out of cells to process. Job=Wait_Combat (Job_5966) Giver = VRF_JobGiver_DynamicAssault [workGiverDef: null] Faction=Manada howyttbak
Vehicle Highwayman pathing from (152, 0, 210) to (130, 0, 125) ran out of cells to process. Job=Wait_Combat (Job_5966) Giver = VRF_JobGiver_DynamicAssault [workGiverDef: null] Faction=Manada howyttbak
Vehicle Highwayman pathing from (152, 0, 210) to (130, 0, 125) ran out of cells to process. Job=Wait_Combat (Job_5966) Giver = VRF_JobGiver_DynamicAssault [workGiverDef: null] Faction=Manada howyttbak
Vehicle Highwayman pathing from (152, 0, 210) to (130, 0, 125) ran out of cells to process. Job=Wait_Combat (Job_5966) Giver = VRF_JobGiver_DynamicAssault [workGiverDef: null] Faction=Manada howyttbak
Vehicle Highwayman pathing from (149, 0, 196) to (133, 0, 128) ran out of cells to process. Job=NULL Faction=Manada howyttbak
Vehicle Highwayman pathing from (149, 0, 196) to (133, 0, 132) ran out of cells to process. Job=Wait_Combat (Job_6504) Giver = VRF_JobGiver_DynamicAssault [workGiverDef: null] Faction=Manada howyttbak
Vehicle Highwayman pathing from (149, 0, 196) to (133, 0, 134) ran out of cells to process. Job=Wait_Combat (Job_6504) Giver = VRF_JobGiver_DynamicAssault [workGiverDef: null] Faction=Manada howyttbak
Vehicle Highwayman pathing from (149, 0, 196) to (133, 0, 135) ran out of cells to process. Job=Wait_Combat (Job_6504) Giver = VRF_JobGiver_DynamicAssault [workGiverDef: null] Faction=Manada howyttbak
Vehicle Highwayman pathing from (149, 0, 196) to (133, 0, 135) ran out of cells to process. Job=Wait_Combat (Job_6504) Giver = VRF_JobGiver_DynamicAssault [workGiverDef: null] Faction=Manada howyttbak
Vehicle Highwayman pathing from (149, 0, 196) to (133, 0, 135) ran out of cells to process. Job=Wait_Combat (Job_6504) Giver = VRF_JobGiver_DynamicAssault [workGiverDef: null] Faction=Manada howyttbak
Vehicle Highwayman pathing from (149, 0, 196) to (132, 0, 134) ran out of cells to process. Job=Wait_Combat (Job_6504) Giver = VRF_JobGiver_DynamicAssault [workGiverDef: null] Faction=Manada howyttbak
Vehicle Highwayman pathing from (149, 0, 196) to (131, 0, 132) ran out of cells to process. Job=Wait_Combat (Job_6504) Giver = VRF_JobGiver_DynamicAssault [workGiverDef: null] Faction=Manada howyttbak
Vehicle Highwayman pathing from (149, 0, 196) to (128, 0, 129) ran out of cells to process. Job=Wait_Combat (Job_6504) Giver = VRF_JobGiver_DynamicAssault [workGiverDef: null] Faction=Manada howyttbak
Vehicle Highwayman pathing from (149, 0, 196) to (126, 0, 127) ran out of cells to process. Job=Wait_Combat (Job_6504) Giver = VRF_JobGiver_DynamicAssault [workGiverDef: null] Faction=Manada howyttbak
Vehicle Highwayman pathing from (149, 0, 196) to (124, 0, 126) ran out of cells to process. Job=Wait_Combat (Job_6504) Giver = VRF_JobGiver_DynamicAssault [workGiverDef: null] Faction=Manada howyttbak
Vehicle Highwayman pathing from (149, 0, 196) to (106, 0, 137) ran out of cells to process. Job=Wait_Combat (Job_6504) Giver = VRF_JobGiver_DynamicAssault [workGiverDef: null] Faction=Manada howyttbak
Vehicle Highwayman pathing from (149, 0, 196) to (106, 0, 139) ran out of cells to process. Job=Wait_Combat (Job_6504) Giver = VRF_JobGiver_DynamicAssault [workGiverDef: null] Faction=Manada howyttbak
Vehicle Highwayman pathing from (149, 0, 196) to (106, 0, 139) ran out of cells to process. Job=Wait_Combat (Job_6504) Giver = VRF_JobGiver_DynamicAssault [workGiverDef: null] Faction=Manada howyttbak
Vehicle Highwayman pathing from (149, 0, 196) to (129, 0, 130) ran out of cells to process. Job=Wait_Combat (Job_6504) Giver = VRF_JobGiver_DynamicAssault [workGiverDef: null] Faction=Manada howyttbak
Vehicle Highwayman pathing from (149, 0, 196) to (130, 0, 133) ran out of cells to process. Job=Wait_Combat (Job_6504) Giver = VRF_JobGiver_DynamicAssault [workGiverDef: null] Faction=Manada howyttbak
Vehicle Highwayman pathing from (149, 0, 196) to (131, 0, 134) ran out of cells to process. Job=Wait_Combat (Job_6504) Giver = VRF_JobGiver_DynamicAssault [workGiverDef: null] Faction=Manada howyttbak
Vehicle Highwayman pathing from (149, 0, 196) to (127, 0, 138) ran out of cells to process. Job=Wait_Combat (Job_6504) Giver = VRF_JobGiver_DynamicAssault [workGiverDef: null] Faction=Manada howyttbak
Vehicle Highwayman pathing from (149, 0, 196) to (129, 0, 139) ran out of cells to process. Job=Wait_Combat (Job_6504) Giver = VRF_JobGiver_DynamicAssault [workGiverDef: null] Faction=Manada howyttbak
Vehicle Highwayman pathing from (149, 0, 196) to (129, 0, 139) ran out of cells to process. Job=Wait_Combat (Job_6504) Giver = VRF_JobGiver_DynamicAssault [workGiverDef: null] Faction=Manada howyttbak
Vehicle Highwayman pathing from (149, 0, 196) to (129, 0, 139) ran out of cells to process. Job=Wait_Combat (Job_6504) Giver = VRF_JobGiver_DynamicAssault [workGiverDef: null] Faction=Manada howyttbak
Vehicle Highwayman pathing from (149, 0, 196) to (127, 0, 139) ran out of cells to process. Job=Wait_Combat (Job_6504) Giver = VRF_JobGiver_DynamicAssault [workGiverDef: null] Faction=Manada howyttbak
Vehicle Highwayman pathing from (149, 0, 196) to (124, 0, 140) ran out of cells to process. Job=Wait_Combat (Job_6504) Giver = VRF_JobGiver_DynamicAssault [workGiverDef: null] Faction=Manada howyttbak
Vehicle Highwayman pathing from (149, 0, 196) to (122, 0, 140) ran out of cells to process. Job=Wait_Combat (Job_6504) Giver = VRF_JobGiver_DynamicAssault [workGiverDef: null] Faction=Manada howyttbak
Vehicle Highwayman pathing from (149, 0, 196) to (120, 0, 140) ran out of cells to process. Job=Wait_Combat (Job_6504) Giver = VRF_JobGiver_DynamicAssault [workGiverDef: null] Faction=Manada howyttbak
Vehicle Highwayman pathing from (149, 0, 196) to (117, 0, 140) ran out of cells to process. Job=Wait_Combat (Job_6504) Giver = VRF_JobGiver_DynamicAssault [workGiverDef: null] Faction=Manada howyttbak
Vehicle Highwayman pathing from (149, 0, 196) to (117, 0, 140) ran out of cells to process. Job=Wait_Combat (Job_6504) Giver = VRF_JobGiver_DynamicAssault [workGiverDef: null] Faction=Manada howyttbak
Vehicle Highwayman pathing from (149, 0, 196) to (117, 0, 140) ran out of cells to process. Job=Wait_Combat (Job_6504) Giver = VRF_JobGiver_DynamicAssault [workGiverDef: null] Faction=Manada howyttbak
Vehicle Highwayman pathing from (149, 0, 196) to (117, 0, 140) ran out of cells to process. Job=Wait_Combat (Job_6504) Giver = VRF_JobGiver_DynamicAssault [workGiverDef: null] Faction=Manada howyttbak
Vehicle Highwayman pathing from (149, 0, 196) to (120, 0, 140) ran out of cells to process. Job=Wait_Combat (Job_6504) Giver = VRF_JobGiver_DynamicAssault [workGiverDef: null] Faction=Manada howyttbak
Vehicle Highwayman pathing from (149, 0, 196) to (122, 0, 139) ran out of cells to process. Job=Wait_Combat (Job_6504) Giver = VRF_JobGiver_DynamicAssault [workGiverDef: null] Faction=Manada howyttbak
Vehicle Highwayman pathing from (149, 0, 196) to (125, 0, 137) ran out of cells to process. Job=Wait_Combat (Job_6504) Giver = VRF_JobGiver_DynamicAssault [workGiverDef: null] Faction=Manada howyttbak
Vehicle Highwayman pathing from (149, 0, 196) to (126, 0, 137) ran out of cells to process. Job=Wait_Combat (Job_6504) Giver = VRF_JobGiver_DynamicAssault [workGiverDef: null] Faction=Manada howyttbak
Vehicle Highwayman pathing from (149, 0, 196) to (126, 0, 137) ran out of cells to process. Job=Wait_Combat (Job_6504) Giver = VRF_JobGiver_DynamicAssault [workGiverDef: null] Faction=Manada howyttbak
Vehicle Highwayman pathing from (149, 0, 196) to (126, 0, 137) ran out of cells to process. Job=Wait_Combat (Job_6504) Giver = VRF_JobGiver_DynamicAssault [workGiverDef: null] Faction=Manada howyttbak
Vehicle Highwayman pathing from (149, 0, 196) to (128, 0, 136) ran out of cells to process. Job=Wait_Combat (Job_6504) Giver = VRF_JobGiver_DynamicAssault [workGiverDef: null] Faction=Manada howyttbak
Vehicle Highwayman pathing from (149, 0, 196) to (128, 0, 136) ran out of cells to process. Job=Wait_Combat (Job_6504) Giver = VRF_JobGiver_DynamicAssault [workGiverDef: null] Faction=Manada howyttbak
Vehicle Highwayman pathing from (149, 0, 196) to (128, 0, 136) ran out of cells to process. Job=Wait_Combat (Job_6504) Giver = VRF_JobGiver_DynamicAssault [workGiverDef: null] Faction=Manada howyttbak
Vehicle Highwayman pathing from (149, 0, 196) to (125, 0, 136) ran out of cells to process. Job=Wait_Combat (Job_6504) Giver = VRF_JobGiver_DynamicAssault [workGiverDef: null] Faction=Manada howyttbak
Vehicle Highwayman pathing from (149, 0, 196) to (125, 0, 136) ran out of cells to process. Job=Wait_Combat (Job_6504) Giver = VRF_JobGiver_DynamicAssault [workGiverDef: null] Faction=Manada howyttbak
Vehicle Highwayman pathing from (149, 0, 196) to (123, 0, 135) ran out of cells to process. Job=Wait_Combat (Job_6504) Giver = VRF_JobGiver_DynamicAssault [workGiverDef: null] Faction=Manada howyttbak
Vehicle Highwayman pathing from (149, 0, 196) to (118, 0, 135) ran out of cells to process. Job=Wait_Combat (Job_6504) Giver = VRF_JobGiver_DynamicAssault [workGiverDef: null] Faction=Manada howyttbak
Vehicle Highwayman pathing from (149, 0, 196) to (116, 0, 136) ran out of cells to process. Job=Wait_Combat (Job_6504) Giver = VRF_JobGiver_DynamicAssault [workGiverDef: null] Faction=Manada howyttbak
Vehicle Highwayman pathing from (149, 0, 196) to (114, 0, 136) ran out of cells to process. Job=Wait_Combat (Job_6504) Giver = VRF_JobGiver_DynamicAssault [workGiverDef: null] Faction=Manada howyttbak
Vehicle Highwayman pathing from (149, 0, 196) to (112, 0, 136) ran out of cells to process. Job=Wait_Combat (Job_6504) Giver = VRF_JobGiver_DynamicAssault [workGiverDef: null] Faction=Manada howyttbak
Vehicle Highwayman pathing from (149, 0, 196) to (109, 0, 135) ran out of cells to process. Job=Wait_Combat (Job_6504) Giver = VRF_JobGiver_DynamicAssault [workGiverDef: null] Faction=Manada howyttbak
Vehicle Highwayman pathing from (149, 0, 196) to (109, 0, 136) ran out of cells to process. Job=Wait_Combat (Job_6504) Giver = VRF_JobGiver_DynamicAssault [workGiverDef: null] Faction=Manada howyttbak
Vehicle Highwayman pathing from (149, 0, 196) to (107, 0, 136) ran out of cells to process. Job=Wait_Combat (Job_6504) Giver = VRF_JobGiver_DynamicAssault [workGiverDef: null] Faction=Manada howyttbak
Vehicle Highwayman pathing from (149, 0, 196) to (107, 0, 136) ran out of cells to process. Job=Wait_Combat (Job_6504) Giver = VRF_JobGiver_DynamicAssault [workGiverDef: null] Faction=Manada howyttbak
Vehicle Highwayman pathing from (149, 0, 196) to (107, 0, 136) ran out of cells to process. Job=Wait_Combat (Job_6504) Giver = VRF_JobGiver_DynamicAssault [workGiverDef: null] Faction=Manada howyttbak
Vehicle Highwayman pathing from (149, 0, 196) to (107, 0, 136) ran out of cells to process. Job=Wait_Combat (Job_6504) Giver = VRF_JobGiver_DynamicAssault [workGiverDef: null] Faction=Manada howyttbak
Vehicle Highwayman pathing from (149, 0, 196) to (108, 0, 136) ran out of cells to process. Job=Wait_Combat (Job_6504) Giver = VRF_JobGiver_DynamicAssault [workGiverDef: null] Faction=Manada howyttbak
Vehicle Highwayman pathing from (149, 0, 196) to (125, 0, 128) ran out of cells to process. Job=Wait_Combat (Job_6504) Giver = VRF_JobGiver_DynamicAssault [workGiverDef: null] Faction=Manada howyttbak
Vehicle Highwayman pathing from (149, 0, 196) to (124, 0, 131) ran out of cells to process. Job=Wait_Combat (Job_6504) Giver = VRF_JobGiver_DynamicAssault [workGiverDef: null] Faction=Manada howyttbak
Vehicle Highwayman pathing from (149, 0, 196) to (122, 0, 133) ran out of cells to process. Job=Wait_Combat (Job_6504) Giver = VRF_JobGiver_DynamicAssault [workGiverDef: null] Faction=Manada howyttbak
Vehicle Highwayman pathing from (149, 0, 196) to (120, 0, 135) ran out of cells to process. Job=Wait_Combat (Job_6504) Giver = VRF_JobGiver_DynamicAssault [workGiverDef: null] Faction=Manada howyttbak
Vehicle Highwayman pathing from (149, 0, 196) to (118, 0, 137) ran out of cells to process. Job=Wait_Combat (Job_6504) Giver = VRF_JobGiver_DynamicAssault [workGiverDef: null] Faction=Manada howyttbak
Vehicle Highwayman pathing from (149, 0, 196) to (118, 0, 137) ran out of cells to process. Job=Wait_Combat (Job_6504) Giver = VRF_JobGiver_DynamicAssault [workGiverDef: null] Faction=Manada howyttbak
Vehicle Highwayman pathing from (149, 0, 196) to (117, 0, 136) ran out of cells to process. Job=Wait_Combat (Job_6504) Giver = VRF_JobGiver_DynamicAssault [workGiverDef: null] Faction=Manada howyttbak
Vehicle Highwayman pathing from (149, 0, 196) to (117, 0, 134) ran out of cells to process. Job=Wait_Combat (Job_6504) Giver = VRF_JobGiver_DynamicAssault [workGiverDef: null] Faction=Manada howyttbak
Vehicle Highwayman pathing from (149, 0, 196) to (110, 0, 135) ran out of cells to process. Job=Wait_Combat (Job_6504) Giver = VRF_JobGiver_DynamicAssault [workGiverDef: null] Faction=Manada howyttbak
Vehicle Highwayman pathing from (149, 0, 196) to (110, 0, 135) ran out of cells to process. Job=Wait_Combat (Job_6504) Giver = VRF_JobGiver_DynamicAssault [workGiverDef: null] Faction=Manada howyttbak
Vehicle Highwayman pathing from (149, 0, 196) to (112, 0, 135) ran out of cells to process. Job=Wait_Combat (Job_6504) Giver = VRF_JobGiver_DynamicAssault [workGiverDef: null] Faction=Manada howyttbak
Vehicle Highwayman pathing from (151, 0, 197) to (114, 0, 133) ran out of cells to process. Job=NULL Faction=Manada howyttbak
Vehicle Highwayman pathing from (153, 0, 209) to (130, 0, 125) ran out of cells to process. Job=NULL Faction=Manada howyttbak
Vehicle Highwayman pathing from (153, 0, 209) to (126, 0, 126) ran out of cells to process. Job=Wait_Combat (Job_11911) Giver = VRF_JobGiver_DynamicAssault [workGiverDef: null] Faction=Manada howyttbak
Vehicle Highwayman pathing from (153, 0, 209) to (125, 0, 128) ran out of cells to process. Job=Wait_Combat (Job_11911) Giver = VRF_JobGiver_DynamicAssault [workGiverDef: null] Faction=Manada howyttbak
Vehicle Highwayman pathing from (153, 0, 209) to (124, 0, 130) ran out of cells to process. Job=Wait_Combat (Job_11911) Giver = VRF_JobGiver_DynamicAssault [workGiverDef: null] Faction=Manada howyttbak
Vehicle Highwayman pathing from (153, 0, 209) to (123, 0, 132) ran out of cells to process. Job=Wait_Combat (Job_11911) Giver = VRF_JobGiver_DynamicAssault [workGiverDef: null] Faction=Manada howyttbak
Vehicle Highwayman pathing from (153, 0, 209) to (121, 0, 134) ran out of cells to process. Job=Wait_Combat (Job_11911) Giver = VRF_JobGiver_DynamicAssault [workGiverDef: null] Faction=Manada howyttbak
Vehicle Highwayman pathing from (153, 0, 209) to (119, 0, 136) ran out of cells to process. Job=Wait_Combat (Job_11911) Giver = VRF_JobGiver_DynamicAssault [workGiverDef: null] Faction=Manada howyttbak
Vehicle Highwayman pathing from (153, 0, 209) to (117, 0, 138) ran out of cells to process. Job=Wait_Combat (Job_11911) Giver = VRF_JobGiver_DynamicAssault [workGiverDef: null] Faction=Manada howyttbak
Vehicle Highwayman pathing from (153, 0, 209) to (115, 0, 140) ran out of cells to process. Job=Wait_Combat (Job_11911) Giver = VRF_JobGiver_DynamicAssault [workGiverDef: null] Faction=Manada howyttbak
Vehicle Highwayman pathing from (153, 0, 209) to (115, 0, 140) ran out of cells to process. Job=Wait_Combat (Job_11911) Giver = VRF_JobGiver_DynamicAssault [workGiverDef: null] Faction=Manada howyttbak
Vehicle Highwayman pathing from (153, 0, 209) to (115, 0, 140) ran out of cells to process. Job=Wait_Combat (Job_11911) Giver = VRF_JobGiver_DynamicAssault [workGiverDef: null] Faction=Manada howyttbak
Vehicle Highwayman pathing from (153, 0, 209) to (117, 0, 138) ran out of cells to process. Job=Wait_Combat (Job_11911) Giver = VRF_JobGiver_DynamicAssault [workGiverDef: null] Faction=Manada howyttbak
Vehicle Highwayman pathing from (153, 0, 209) to (119, 0, 136) ran out of cells to process. Job=Wait_Combat (Job_11911) Giver = VRF_JobGiver_DynamicAssault [workGiverDef: null] Faction=Manada howyttbak
Vehicle Highwayman pathing from (153, 0, 209) to (121, 0, 134) ran out of cells to process. Job=Wait_Combat (Job_11911) Giver = VRF_JobGiver_DynamicAssault [workGiverDef: null] Faction=Manada howyttbak
Vehicle Highwayman pathing from (153, 0, 209) to (123, 0, 132) ran out of cells to process. Job=Wait_Combat (Job_11911) Giver = VRF_JobGiver_DynamicAssault [workGiverDef: null] Faction=Manada howyttbak
Vehicle Highwayman pathing from (153, 0, 209) to (125, 0, 129) ran out of cells to process. Job=Wait_Combat (Job_11911) Giver = VRF_JobGiver_DynamicAssault [workGiverDef: null] Faction=Manada howyttbak
Vehicle Highwayman pathing from (153, 0, 209) to (127, 0, 127) ran out of cells to process. Job=Wait_Combat (Job_11911) Giver = VRF_JobGiver_DynamicAssault [workGiverDef: null] Faction=Manada howyttbak
Vehicle Highwayman pathing from (153, 0, 209) to (127, 0, 127) ran out of cells to process. Job=Wait_Combat (Job_11911) Giver = VRF_JobGiver_DynamicAssault [workGiverDef: null] Faction=Manada howyttbak
Vehicle Highwayman pathing from (153, 0, 209) to (129, 0, 126) ran out of cells to process. Job=Wait_Combat (Job_11911) Giver = VRF_JobGiver_DynamicAssault [workGiverDef: null] Faction=Manada howyttbak
Vehicle Highwayman pathing from (153, 0, 209) to (129, 0, 126) ran out of cells to process. Job=Wait_Combat (Job_11911) Giver = VRF_JobGiver_DynamicAssault [workGiverDef: null] Faction=Manada howyttbak
Vehicle Highwayman pathing from (153, 0, 209) to (129, 0, 126) ran out of cells to process. Job=Wait_Combat (Job_11911) Giver = VRF_JobGiver_DynamicAssault [workGiverDef: null] Faction=Manada howyttbak
Vehicle Highwayman pathing from (153, 0, 209) to (129, 0, 126) ran out of cells to process. Job=Wait_Combat (Job_11911) Giver = VRF_JobGiver_DynamicAssault [workGiverDef: null] Faction=Manada howyttbak
Vehicle Highwayman pathing from (153, 0, 209) to (128, 0, 124) ran out of cells to process. Job=Wait_Combat (Job_11911) Giver = VRF_JobGiver_DynamicAssault [workGiverDef: null] Faction=Manada howyttbak
Vehicle Highwayman pathing from (153, 0, 209) to (128, 0, 122) ran out of cells to process. Job=Wait_Combat (Job_11911) Giver = VRF_JobGiver_DynamicAssault [workGiverDef: null] Faction=Manada howyttbak
Vehicle Highwayman pathing from (153, 0, 209) to (128, 0, 122) ran out of cells to process. Job=Wait_Combat (Job_11911) Giver = VRF_JobGiver_DynamicAssault [workGiverDef: null] Faction=Manada howyttbak
Vehicle Highwayman pathing from (153, 0, 209) to (128, 0, 122) ran out of cells to process. Job=Wait_Combat (Job_11911) Giver = VRF_JobGiver_DynamicAssault [workGiverDef: null] Faction=Manada howyttbak
Vehicle Highwayman pathing from (153, 0, 209) to (130, 0, 123) ran out of cells to process. Job=Wait_Combat (Job_11911) Giver = VRF_JobGiver_DynamicAssault [workGiverDef: null] Faction=Manada howyttbak
Vehicle Highwayman pathing from (153, 0, 209) to (132, 0, 125) ran out of cells to process. Job=Wait_Combat (Job_11911) Giver = VRF_JobGiver_DynamicAssault [workGiverDef: null] Faction=Manada howyttbak
Vehicle Highwayman pathing from (153, 0, 209) to (133, 0, 127) ran out of cells to process. Job=Wait_Combat (Job_11911) Giver = VRF_JobGiver_DynamicAssault [workGiverDef: null] Faction=Manada howyttbak
Vehicle Highwayman pathing from (153, 0, 209) to (133, 0, 127) ran out of cells to process. Job=Wait_Combat (Job_11911) Giver = VRF_JobGiver_DynamicAssault [workGiverDef: null] Faction=Manada howyttbak
Vehicle Highwayman pathing from (153, 0, 209) to (133, 0, 127) ran out of cells to process. Job=Wait_Combat (Job_11911) Giver = VRF_JobGiver_DynamicAssault [workGiverDef: null] Faction=Manada howyttbak
Vehicle Highwayman pathing from (153, 0, 209) to (133, 0, 127) ran out of cells to process. Job=Wait_Combat (Job_11911) Giver = VRF_JobGiver_DynamicAssault [workGiverDef: null] Faction=Manada howyttbak
Vehicle Highwayman pathing from (153, 0, 209) to (133, 0, 128) ran out of cells to process. Job=Wait_Combat (Job_11911) Giver = VRF_JobGiver_DynamicAssault [workGiverDef: null] Faction=Manada howyttbak
Vehicle Highwayman pathing from (153, 0, 209) to (132, 0, 130) ran out of cells to process. Job=Wait_Combat (Job_11911) Giver = VRF_JobGiver_DynamicAssault [workGiverDef: null] Faction=Manada howyttbak
Vehicle Highwayman pathing from (153, 0, 209) to (130, 0, 132) ran out of cells to process. Job=Wait_Combat (Job_11911) Giver = VRF_JobGiver_DynamicAssault [workGiverDef: null] Faction=Manada howyttbak
Vehicle Highwayman pathing from (153, 0, 209) to (129, 0, 135) ran out of cells to process. Job=Wait_Combat (Job_11911) Giver = VRF_JobGiver_DynamicAssault [workGiverDef: null] Faction=Manada howyttbak
Vehicle Highwayman pathing from (153, 0, 209) to (128, 0, 136) ran out of cells to process. Job=Wait_Combat (Job_11911) Giver = VRF_JobGiver_DynamicAssault [workGiverDef: null] Faction=Manada howyttbak
Vehicle Highwayman pathing from (153, 0, 209) to (128, 0, 136) ran out of cells to process. Job=Wait_Combat (Job_11911) Giver = VRF_JobGiver_DynamicAssault [workGiverDef: null] Faction=Manada howyttbak
Vehicle Highwayman pathing from (153, 0, 209) to (128, 0, 136) ran out of cells to process. Job=Wait_Combat (Job_11911) Giver = VRF_JobGiver_DynamicAssault [workGiverDef: null] Faction=Manada howyttbak
Vehicle Highwayman pathing from (153, 0, 209) to (126, 0, 137) ran out of cells to process. Job=Wait_Combat (Job_11911) Giver = VRF_JobGiver_DynamicAssault [workGiverDef: null] Faction=Manada howyttbak
Vehicle Highwayman pathing from (153, 0, 209) to (124, 0, 139) ran out of cells to process. Job=Wait_Combat (Job_11911) Giver = VRF_JobGiver_DynamicAssault [workGiverDef: null] Faction=Manada howyttbak
Vehicle Highwayman pathing from (153, 0, 209) to (123, 0, 139) ran out of cells to process. Job=Wait_Combat (Job_11911) Giver = VRF_JobGiver_DynamicAssault [workGiverDef: null] Faction=Manada howyttbak
Vehicle Highwayman pathing from (153, 0, 209) to (123, 0, 139) ran out of cells to process. Job=Wait_Combat (Job_11911) Giver = VRF_JobGiver_DynamicAssault [workGiverDef: null] Faction=Manada howyttbak
Vehicle Highwayman pathing from (153, 0, 209) to (123, 0, 139) ran out of cells to process. Job=Wait_Combat (Job_11911) Giver = VRF_JobGiver_DynamicAssault [workGiverDef: null] Faction=Manada howyttbak
Vehicle Highwayman pathing from (153, 0, 209) to (125, 0, 137) ran out of cells to process. Job=Wait_Combat (Job_11911) Giver = VRF_JobGiver_DynamicAssault [workGiverDef: null] Faction=Manada howyttbak
Vehicle Highwayman pathing from (153, 0, 209) to (127, 0, 135) ran out of cells to process. Job=Wait_Combat (Job_11911) Giver = VRF_JobGiver_DynamicAssault [workGiverDef: null] Faction=Manada howyttbak
Vehicle Highwayman pathing from (153, 0, 209) to (127, 0, 133) ran out of cells to process. Job=Wait_Combat (Job_11911) Giver = VRF_JobGiver_DynamicAssault [workGiverDef: null] Faction=Manada howyttbak
Vehicle Highwayman pathing from (153, 0, 209) to (132, 0, 130) ran out of cells to process. Job=Wait_Combat (Job_11911) Giver = VRF_JobGiver_DynamicAssault [workGiverDef: null] Faction=Manada howyttbak
Vehicle Highwayman pathing from (153, 0, 209) to (131, 0, 129) ran out of cells to process. Job=Wait_Combat (Job_11911) Giver = VRF_JobGiver_DynamicAssault [workGiverDef: null] Faction=Manada howyttbak
Vehicle Highwayman pathing from (153, 0, 209) to (131, 0, 127) ran out of cells to process. Job=Wait_Combat (Job_11911) Giver = VRF_JobGiver_DynamicAssault [workGiverDef: null] Faction=Manada howyttbak
Vehicle Highwayman pathing from (153, 0, 209) to (131, 0, 124) ran out of cells to process. Job=Wait_Combat (Job_11911) Giver = VRF_JobGiver_DynamicAssault [workGiverDef: null] Faction=Manada howyttbak
Vehicle Highwayman pathing from (153, 0, 209) to (130, 0, 122) ran out of cells to process. Job=Wait_Combat (Job_11911) Giver = VRF_JobGiver_DynamicAssault [workGiverDef: null] Faction=Manada howyttbak
Vehicle Highwayman pathing from (153, 0, 209) to (130, 0, 120) ran out of cells to process. Job=Wait_Combat (Job_11911) Giver = VRF_JobGiver_DynamicAssault [workGiverDef: null] Faction=Manada howyttbak
Vehicle Highwayman pathing from (153, 0, 209) to (129, 0, 117) ran out of cells to process. Job=Wait_Combat (Job_11911) Giver = VRF_JobGiver_DynamicAssault [workGiverDef: null] Faction=Manada howyttbak
Vehicle Highwayman pathing from (153, 0, 209) to (110, 0, 124) ran out of cells to process. Job=Wait_Combat (Job_11911) Giver = VRF_JobGiver_DynamicAssault [workGiverDef: null] Faction=Manada howyttbak
Vehicle Highwayman pathing from (153, 0, 209) to (108, 0, 127) ran out of cells to process. Job=Wait_Combat (Job_11911) Giver = VRF_JobGiver_DynamicAssault [workGiverDef: null] Faction=Manada howyttbak
Vehicle Highwayman pathing from (153, 0, 209) to (106, 0, 129) ran out of cells to process. Job=Wait_Combat (Job_11911) Giver = VRF_JobGiver_DynamicAssault [workGiverDef: null] Faction=Manada howyttbak
Vehicle Highwayman pathing from (153, 0, 209) to (106, 0, 131) ran out of cells to process. Job=Wait_Combat (Job_11911) Giver = VRF_JobGiver_DynamicAssault [workGiverDef: null] Faction=Manada howyttbak
Vehicle Highwayman pathing from (153, 0, 209) to (107, 0, 134) ran out of cells to process. Job=Wait_Combat (Job_11911) Giver = VRF_JobGiver_DynamicAssault [workGiverDef: null] Faction=Manada howyttbak
Vehicle Highwayman pathing from (153, 0, 209) to (107, 0, 136) ran out of cells to process. Job=Wait_Combat (Job_11911) Giver = VRF_JobGiver_DynamicAssault [workGiverDef: null] Faction=Manada howyttbak
Vehicle Highwayman pathing from (153, 0, 209) to (107, 0, 137) ran out of cells to process. Job=Wait_Combat (Job_11911) Giver = VRF_JobGiver_DynamicAssault [workGiverDef: null] Faction=Manada howyttbak
Vehicle Highwayman pathing from (153, 0, 209) to (107, 0, 137) ran out of cells to process. Job=Wait_Combat (Job_11911) Giver = VRF_JobGiver_DynamicAssault [workGiverDef: null] Faction=Manada howyttbak
Vehicle Highwayman pathing from (153, 0, 209) to (134, 0, 126) ran out of cells to process. Job=Wait_Combat (Job_11911) Giver = VRF_JobGiver_DynamicAssault [workGiverDef: null] Faction=Manada howyttbak
Vehicle Highwayman pathing from (153, 0, 209) to (134, 0, 126) ran out of cells to process. Job=Wait_Combat (Job_11911) Giver = VRF_JobGiver_DynamicAssault [workGiverDef: null] Faction=Manada howyttbak
Vehicle Highwayman pathing from (153, 0, 209) to (134, 0, 126) ran out of cells to process. Job=Wait_Combat (Job_11911) Giver = VRF_JobGiver_DynamicAssault [workGiverDef: null] Faction=Manada howyttbak
Vehicle Highwayman pathing from (153, 0, 209) to (127, 0, 128) ran out of cells to process. Job=Wait_Combat (Job_11911) Giver = VRF_JobGiver_DynamicAssault [workGiverDef: null] Faction=Manada howyttbak
Vehicle Highwayman pathing from (153, 0, 209) to (128, 0, 130) ran out of cells to process. Job=Wait_Combat (Job_11911) Giver = VRF_JobGiver_DynamicAssault [workGiverDef: null] Faction=Manada howyttbak
Vehicle Highwayman pathing from (153, 0, 209) to (128, 0, 133) ran out of cells to process. Job=Wait_Combat (Job_11911) Giver = VRF_JobGiver_DynamicAssault [workGiverDef: null] Faction=Manada howyttbak
Vehicle Highwayman pathing from (151, 0, 210) to (128, 0, 134) ran out of cells to process. Job=NULL Faction=Manada howyttbak
Vehicle Highwayman pathing from (151, 0, 210) to (128, 0, 134) ran out of cells to process. Job=Wait_Combat (Job_17506) Giver = VRF_JobGiver_DynamicAssault [workGiverDef: null] Faction=Manada howyttbak
Vehicle Highwayman pathing from (151, 0, 210) to (128, 0, 134) ran out of cells to process. Job=Wait_Combat (Job_17506) Giver = VRF_JobGiver_DynamicAssault [workGiverDef: null] Faction=Manada howyttbak
Vehicle Highwayman pathing from (156, 0, 211) to (132, 0, 130) ran out of cells to process. Job=NULL Faction=Manada howyttbak
Vehicle Highwayman pathing from (156, 0, 211) to (133, 0, 129) ran out of cells to process. Job=Wait_Combat (Job_17872) Giver = VRF_JobGiver_DynamicAssault [workGiverDef: null] Faction=Manada howyttbak
Vehicle Highwayman pathing from (160, 0, 212) to (134, 0, 125) ran out of cells to process. Job=NULL Faction=Manada howyttbak
Vehicle Highwayman pathing from (160, 0, 212) to (134, 0, 122) ran out of cells to process. Job=Wait_Combat (Job_18098) Giver = VRF_JobGiver_DynamicAssault [workGiverDef: null] Faction=Manada howyttbak
Vehicle Highwayman pathing from (160, 0, 212) to (134, 0, 120) ran out of cells to process. Job=Wait_Combat (Job_18098) Giver = VRF_JobGiver_DynamicAssault [workGiverDef: null] Faction=Manada howyttbak
Vehicle Highwayman pathing from (160, 0, 212) to (134, 0, 117) ran out of cells to process. Job=Wait_Combat (Job_18098) Giver = VRF_JobGiver_DynamicAssault [workGiverDef: null] Faction=Manada howyttbak
Vehicle Highwayman pathing from (160, 0, 212) to (114, 0, 126) ran out of cells to process. Job=Wait_Combat (Job_18098) Giver = VRF_JobGiver_DynamicAssault [workGiverDef: null] Faction=Manada howyttbak
Vehicle Highwayman pathing from (160, 0, 212) to (114, 0, 128) ran out of cells to process. Job=Wait_Combat (Job_18098) Giver = VRF_JobGiver_DynamicAssault [workGiverDef: null] Faction=Manada howyttbak
Vehicle Highwayman pathing from (160, 0, 212) to (114, 0, 130) ran out of cells to process. Job=Wait_Combat (Job_18098) Giver = VRF_JobGiver_DynamicAssault [workGiverDef: null] Faction=Manada howyttbak
Vehicle Highwayman pathing from (160, 0, 212) to (114, 0, 133) ran out of cells to process. Job=Wait_Combat (Job_18098) Giver = VRF_JobGiver_DynamicAssault [workGiverDef: null] Faction=Manada howyttbak
Vehicle Highwayman pathing from (160, 0, 212) to (113, 0, 135) ran out of cells to process. Job=Wait_Combat (Job_18098) Giver = VRF_JobGiver_DynamicAssault [workGiverDef: null] Faction=Manada howyttbak
Vehicle Highwayman pathing from (160, 0, 212) to (112, 0, 138) ran out of cells to process. Job=Wait_Combat (Job_18098) Giver = VRF_JobGiver_DynamicAssault [workGiverDef: null] Faction=Manada howyttbak
Vehicle Highwayman pathing from (160, 0, 212) to (110, 0, 140) ran out of cells to process. Job=Wait_Combat (Job_18098) Giver = VRF_JobGiver_DynamicAssault [workGiverDef: null] Faction=Manada howyttbak
Vehicle Highwayman pathing from (160, 0, 212) to (108, 0, 138) ran out of cells to process. Job=Wait_Combat (Job_18098) Giver = VRF_JobGiver_DynamicAssault [workGiverDef: null] Faction=Manada howyttbak
Vehicle Highwayman pathing from (160, 0, 212) to (125, 0, 130) ran out of cells to process. Job=Wait_Combat (Job_18098) Giver = VRF_JobGiver_DynamicAssault [workGiverDef: null] Faction=Manada howyttbak
Vehicle Highwayman pathing from (160, 0, 212) to (125, 0, 132) ran out of cells to process. Job=Wait_Combat (Job_18098) Giver = VRF_JobGiver_DynamicAssault [workGiverDef: null] Faction=Manada howyttbak
Vehicle Highwayman pathing from (160, 0, 212) to (126, 0, 135) ran out of cells to process. Job=Wait_Combat (Job_18098) Giver = VRF_JobGiver_DynamicAssault [workGiverDef: null] Faction=Manada howyttbak
Vehicle Highwayman pathing from (160, 0, 212) to (126, 0, 137) ran out of cells to process. Job=Wait_Combat (Job_18098) Giver = VRF_JobGiver_DynamicAssault [workGiverDef: null] Faction=Manada howyttbak
Vehicle Highwayman pathing from (160, 0, 212) to (127, 0, 139) ran out of cells to process. Job=Wait_Combat (Job_18098) Giver = VRF_JobGiver_DynamicAssault [workGiverDef: null] Faction=Manada howyttbak
Vehicle Highwayman pathing from (160, 0, 212) to (127, 0, 140) ran out of cells to process. Job=Wait_Combat (Job_18098) Giver = VRF_JobGiver_DynamicAssault [workGiverDef: null] Faction=Manada howyttbak
Exception thrown from thread=108.
System.Threading.ThreadAbortException: Thread was being aborted.
[Ref 54CF78B3]
(wrapper managed-to-native) System.Threading.Monitor.Monitor_wait(object,int)
  at System.Threading.Monitor.ObjWait (System.Boolean exitContext, System.Int32 millisecondsTimeout, System.Object obj) [0x0002f] in <51fded79cd284d4d911c5949aff4cb21>:0 
  at System.Threading.Monitor.Wait (System.Object obj, System.Int32 millisecondsTimeout, System.Boolean exitContext) [0x0000e] in <51fded79cd284d4d911c5949aff4cb21>:0 
  at System.Threading.Monitor.Wait (System.Object obj, System.Int32 millisecondsTimeout) [0x00000] in <51fded79cd284d4d911c5949aff4cb21>:0 
  at System.Threading.ManualResetEventSlim.Wait (System.Int32 millisecondsTimeout, System.Threading.CancellationToken cancellationToken) [0x00100] in <51fded79cd284d4d911c5949aff4cb21>:0 
  at System.Threading.ManualResetEventSlim.Wait () [0x00000] in <51fded79cd284d4d911c5949aff4cb21>:0 
  at SmashTools.Performance.DedicatedThread.Execute () [0x0000c] in C:\Program Files (x86)\Steam\steamapps\common\RimWorld\Mods\Vehicle-Framework\SmashTools\SmashTools\SmashTools\Performance\Multithreading\DedicatedThread.cs:168 
Memory Statistics:
[ALLOC_TEMP_TLS] TLS Allocator
  StackAllocators : 
    [ALLOC_TEMP_MAIN]
      Peak usage frame count: [0-1.0 KB]: 7121 frames, [1.0 KB-2.0 KB]: 4 frames, [2.0 KB-4.0 KB]: 43260 frames, [4.0 KB-8.0 KB]: 402 frames, [8.0 KB-16.0 KB]: 19 frames, [16.0 KB-32.0 KB]: 733 frames, [32.0 KB-64.0 KB]: 8 frames, [128.0 KB-256.0 KB]: 1 frames, [2.0 MB-4.0 MB]: 4 frames
      Initial Block Size 4.0 MB
      Current Block Size 4.0 MB
      Peak Allocated Bytes 4.0 MB
      Overflow Count 1
    [ALLOC_TEMP_Loading.AsyncRead]
      Initial Block Size 64.0 KB
      Current Block Size 120.0 KB
      Peak Allocated Bytes 117.3 KB
      Overflow Count 0
    [ALLOC_TEMP_Loading.PreloadManager]
      Initial Block Size 256.0 KB
      Current Block Size 256.0 KB
      Peak Allocated Bytes 3.7 KB
      Overflow Count 8
    [ALLOC_TEMP_Background Job.Worker 8]
      Initial Block Size 32.0 KB
      Current Block Size 32.0 KB
      Peak Allocated Bytes 54 B
      Overflow Count 0
    [ALLOC_TEMP_Job.Worker 6]
      Initial Block Size 256.0 KB
      Current Block Size 256.0 KB
      Peak Allocated Bytes 144 B
      Overflow Count 0
    [ALLOC_TEMP_Job.Worker 0]
      Initial Block Size 256.0 KB
      Current Block Size 256.0 KB
      Peak Allocated Bytes 128 B
      Overflow Count 0
    [ALLOC_TEMP_Background Job.Worker 10]
      Initial Block Size 32.0 KB
      Current Block Size 32.0 KB
      Peak Allocated Bytes 54 B
      Overflow Count 0
    [ALLOC_TEMP_Background Job.Worker 9]
      Initial Block Size 32.0 KB
      Current Block Size 32.0 KB
      Peak Allocated Bytes 54 B
      Overflow Count 0
    [ALLOC_TEMP_Job.Worker 5]
      Initial Block Size 256.0 KB
      Current Block Size 256.0 KB
      Peak Allocated Bytes 160 B
      Overflow Count 0
    [ALLOC_TEMP_Background Job.Worker 14]
      Initial Block Size 32.0 KB
      Current Block Size 32.0 KB
      Peak Allocated Bytes 54 B
      Overflow Count 0
    [ALLOC_TEMP_Background Job.Worker 6]
      Initial Block Size 32.0 KB
      Current Block Size 32.0 KB
      Peak Allocated Bytes 54 B
      Overflow Count 0
    [ALLOC_TEMP_Job.Worker 4]
      Initial Block Size 256.0 KB
      Current Block Size 256.0 KB
      Peak Allocated Bytes 144 B
      Overflow Count 0
    [ALLOC_TEMP_Job.Worker 3]
      Initial Block Size 256.0 KB
      Current Block Size 256.0 KB
      Peak Allocated Bytes 144 B
      Overflow Count 0
    [ALLOC_TEMP_Background Job.Worker 12]
      Initial Block Size 32.0 KB
      Current Block Size 32.0 KB
      Peak Allocated Bytes 54 B
      Overflow Count 0
    [ALLOC_TEMP_EnlightenWorker] x 6
      Initial Block Size 64.0 KB
      Current Block Size 64.0 KB
      Peak Allocated Bytes 54 B
      Overflow Count 0
    [ALLOC_TEMP_Background Job.Worker 15]
      Initial Block Size 32.0 KB
      Current Block Size 32.0 KB
      Peak Allocated Bytes 54 B
      Overflow Count 0
    [ALLOC_TEMP_Background Job.Worker 1]
      Initial Block Size 32.0 KB
      Current Block Size 32.0 KB
      Peak Allocated Bytes 54 B
      Overflow Count 0
    [ALLOC_TEMP_Background Job.Worker 2]
      Initial Block Size 32.0 KB
      Current Block Size 32.0 KB
      Peak Allocated Bytes 54 B
      Overflow Count 0
    [ALLOC_TEMP_Background Job.Worker 7]
      Initial Block Size 32.0 KB
      Current Block Size 32.0 KB
      Peak Allocated Bytes 54 B
      Overflow Count 0
    [ALLOC_TEMP_UnityGfxDeviceWorker]
      Initial Block Size 256.0 KB
      Current Block Size 256.0 KB
      Peak Allocated Bytes 10.3 KB
      Overflow Count 0
    [ALLOC_TEMP_AssetGarbageCollectorHelper] x 11
      Initial Block Size 64.0 KB
      Current Block Size 64.0 KB
      Peak Allocated Bytes 138 B
      Overflow Count 0
    [ALLOC_TEMP_Background Job.Worker 5]
      Initial Block Size 32.0 KB
      Current Block Size 32.0 KB
      Peak Allocated Bytes 54 B
      Overflow Count 0
    [ALLOC_TEMP_Job.Worker 9]
      Initial Block Size 256.0 KB
      Current Block Size 256.0 KB
      Peak Allocated Bytes 144 B
      Overflow Count 0
    [ALLOC_TEMP_Background Job.Worker 13]
      Initial Block Size 32.0 KB
      Current Block Size 32.0 KB
      Peak Allocated Bytes 54 B
      Overflow Count 0
    [ALLOC_TEMP_Job.Worker 8]
      Initial Block Size 256.0 KB
      Current Block Size 256.0 KB
      Peak Allocated Bytes 160 B
      Overflow Count 0
    [ALLOC_TEMP_Job.Worker 7]
      Initial Block Size 256.0 KB
      Current Block Size 256.0 KB
      Peak Allocated Bytes 128 B
      Overflow Count 0
    [ALLOC_TEMP_Job.Worker 1]
      Initial Block Size 256.0 KB
      Current Block Size 256.0 KB
      Peak Allocated Bytes 507 B
      Overflow Count 0
    [ALLOC_TEMP_Background Job.Worker 11]
      Initial Block Size 32.0 KB
      Current Block Size 32.0 KB
      Peak Allocated Bytes 54 B
      Overflow Count 0
    [ALLOC_TEMP_Background Job.Worker 3]
      Initial Block Size 32.0 KB
      Current Block Size 32.0 KB
      Peak Allocated Bytes 54 B
      Overflow Count 0
    [ALLOC_TEMP_Job.Worker 10]
      Initial Block Size 256.0 KB
      Current Block Size 256.0 KB
      Peak Allocated Bytes 112 B
      Overflow Count 0
    [ALLOC_TEMP_Background Job.Worker 0]
      Initial Block Size 32.0 KB
      Current Block Size 32.0 KB
      Peak Allocated Bytes 54 B
      Overflow Count 0
    [ALLOC_TEMP_Job.Worker 2]
      Initial Block Size 256.0 KB
      Current Block Size 256.0 KB
      Peak Allocated Bytes 288 B
      Overflow Count 0
    [ALLOC_TEMP_Background Job.Worker 4]
      Initial Block Size 32.0 KB
      Current Block Size 32.0 KB
      Peak Allocated Bytes 54 B
      Overflow Count 0
    [ALLOC_TEMP_BatchDeleteObjects]
      Initial Block Size 64.0 KB
      Current Block Size 64.0 KB
      Peak Allocated Bytes 54 B
      Overflow Count 0
[ALLOC_DEFAULT] Dual Thread Allocator
  Peak main deferred allocation count 43464
    [ALLOC_BUCKET]
      Large Block size 4.0 MB
      Used Block count 1
      Peak Allocated bytes 4.0 MB
      Failed Allocations. Bucket layout:
        16B: 4 Subsections = 4096 buckets. Failed count: 205640
        32B: 34 Subsections = 17408 buckets. Failed count: 158972
        48B: 49 Subsections = 16725 buckets. Failed count: 1500917
        64B: 41 Subsections = 10496 buckets. Failed count: 482210
        80B: 85 Subsections = 17408 buckets. Failed count: 312753
        96B: 27 Subsections = 4608 buckets. Failed count: 47758
        112B: 10 Subsections = 1462 buckets. Failed count: 33113
        128B: 6 Subsections = 768 buckets. Failed count: 27073
    [ALLOC_DEFAULT_MAIN]
      Peak usage frame count: [16.0 MB-32.0 MB]: 3162 frames, [32.0 MB-64.0 MB]: 1 frames, [128.0 MB-256.0 MB]: 48389 frames
      Requested Block Size 16.0 MB
      Peak Block count 15
      Peak Allocated memory 245.2 MB
      Peak Large allocation bytes 40.2 MB
    [ALLOC_DEFAULT_THREAD]
      Peak usage frame count: [8.0 MB-16.0 MB]: 4689 frames, [16.0 MB-32.0 MB]: 31 frames, [32.0 MB-64.0 MB]: 2419 frames, [64.0 MB-128.0 MB]: 44413 frames
      Requested Block Size 16.0 MB
      Peak Block count 6
      Peak Allocated memory 78.4 MB
      Peak Large allocation bytes 0 B
[ALLOC_TEMP_JOB_1_FRAME]
  Initial Block Size 2.0 MB
  Used Block Count 0
  Overflow Count (too large) 0
  Overflow Count (full) 0
[ALLOC_TEMP_JOB_2_FRAMES]
  Initial Block Size 2.0 MB
  Used Block Count 0
  Overflow Count (too large) 0
  Overflow Count (full) 0
[ALLOC_TEMP_JOB_4_FRAMES (JobTemp)]
  Initial Block Size 2.0 MB
  Used Block Count 1
  Overflow Count (too large) 0
  Overflow Count (full) 0
[ALLOC_TEMP_JOB_ASYNC (Background)]
  Initial Block Size 1.0 MB
  Used Block Count 1
  Overflow Count (too large) 0
  Overflow Count (full) 0
[ALLOC_GFX] Dual Thread Allocator
  Peak main deferred allocation count 55
    [ALLOC_BUCKET]
      Large Block size 4.0 MB
      Used Block count 1
      Peak Allocated bytes 4.0 MB
      Failed Allocations. Bucket layout:
        16B: 4 Subsections = 4096 buckets. Failed count: 205640
        32B: 34 Subsections = 17408 buckets. Failed count: 158972
        48B: 49 Subsections = 16725 buckets. Failed count: 1500917
        64B: 41 Subsections = 10496 buckets. Failed count: 482210
        80B: 85 Subsections = 17408 buckets. Failed count: 312753
        96B: 27 Subsections = 4608 buckets. Failed count: 47758
        112B: 10 Subsections = 1462 buckets. Failed count: 33113
        128B: 6 Subsections = 768 buckets. Failed count: 27073
    [ALLOC_GFX_MAIN]
      Peak usage frame count: [64.0 KB-128.0 KB]: 1 frames, [2.0 MB-4.0 MB]: 7136 frames, [32.0 MB-64.0 MB]: 44413 frames, [256.0 MB-0.50 GB]: 1 frames, [0.50 GB-1.00 GB]: 1 frames
      Requested Block Size 16.0 MB
      Peak Block count 22
      Peak Allocated memory 0.82 GB
      Peak Large allocation bytes 0.61 GB
    [ALLOC_GFX_THREAD]
      Peak usage frame count: [0-1.0 KB]: 3171 frames, [1.0 KB-2.0 KB]: 1290 frames, [2.0 KB-4.0 KB]: 1670 frames, [4.0 KB-8.0 KB]: 1007 frames, [8.0 KB-16.0 KB]: 2 frames, [16.0 KB-32.0 KB]: 300 frames, [32.0 KB-64.0 KB]: 80 frames, [64.0 KB-128.0 KB]: 1008 frames, [128.0 KB-256.0 KB]: 43024 frames
      Requested Block Size 16.0 MB
      Peak Block count 1
      Peak Allocated memory 201.9 KB
      Peak Large allocation bytes 0 B
[ALLOC_CACHEOBJECTS] Dual Thread Allocator
  Peak main deferred allocation count 186
    [ALLOC_BUCKET]
      Large Block size 4.0 MB
      Used Block count 1
      Peak Allocated bytes 4.0 MB
      Failed Allocations. Bucket layout:
        16B: 4 Subsections = 4096 buckets. Failed count: 205640
        32B: 34 Subsections = 17408 buckets. Failed count: 158972
        48B: 49 Subsections = 16725 buckets. Failed count: 1500917
        64B: 41 Subsections = 10496 buckets. Failed count: 482210
        80B: 85 Subsections = 17408 buckets. Failed count: 312753
        96B: 27 Subsections = 4608 buckets. Failed count: 47758
        112B: 10 Subsections = 1462 buckets. Failed count: 33113
        128B: 6 Subsections = 768 buckets. Failed count: 27073
    [ALLOC_CACHEOBJECTS_MAIN]
      Peak usage frame count: [4.0 MB-8.0 MB]: 1 frames, [8.0 MB-16.0 MB]: 3162 frames, [16.0 MB-32.0 MB]: 48389 frames
      Requested Block Size 4.0 MB
      Peak Block count 6
      Peak Allocated memory 18.6 MB
      Peak Large allocation bytes 0 B
    [ALLOC_CACHEOBJECTS_THREAD]
      Peak usage frame count: [4.0 KB-8.0 KB]: 3162 frames, [32.0 KB-64.0 KB]: 1 frames, [256.0 KB-0.5 MB]: 48386 frames, [0.5 MB-1.0 MB]: 3 frames
      Requested Block Size 4.0 MB
      Peak Block count 1
      Peak Allocated memory 0.8 MB
      Peak Large allocation bytes 0 B
[ALLOC_TYPETREE] Dual Thread Allocator
  Peak main deferred allocation count 0
    [ALLOC_BUCKET]
      Large Block size 4.0 MB
      Used Block count 1
      Peak Allocated bytes 4.0 MB
      Failed Allocations. Bucket layout:
        16B: 4 Subsections = 4096 buckets. Failed count: 205640
        32B: 34 Subsections = 17408 buckets. Failed count: 158972
        48B: 49 Subsections = 16725 buckets. Failed count: 1500917
        64B: 41 Subsections = 10496 buckets. Failed count: 482210
        80B: 85 Subsections = 17408 buckets. Failed count: 312753
        96B: 27 Subsections = 4608 buckets. Failed count: 47758
        112B: 10 Subsections = 1462 buckets. Failed count: 33113
        128B: 6 Subsections = 768 buckets. Failed count: 27073
    [ALLOC_TYPETREE_MAIN]
      Peak usage frame count: [4.0 KB-8.0 KB]: 1 frames, [8.0 KB-16.0 KB]: 3162 frames, [256.0 KB-0.5 MB]: 48389 frames
      Requested Block Size 2.0 MB
      Peak Block count 1
      Peak Allocated memory 365.4 KB
      Peak Large allocation bytes 0 B
    [ALLOC_TYPETREE_THREAD]
      Peak usage frame count: [0-1.0 KB]: 51552 frames
      Requested Block Size 2.0 MB
      Peak Block count 0
      Peak Allocated memory 0 B
      Peak Large allocation bytes 0 B
